[dancary.com/index.html]
[backblue.gif]
[fade.gif]
[index.html]
[dancary.com/oldindex.html]
[dancary.com/index.html]
[dancary.com/assets/css/main.css]
[dancary.com/assets/css/noscript.css]
[dancary.com/Eagle.gif]
[dancary.com/oldindex.html]
[dancary.com/assets/css/font-awesome.min.css]
[dancary.com/assets/css/images/overlay.png]
[dancary.com/images/bg.jpg]
[dancary.com/assets/css/main.css]
[dancary.com/assets/css/noscript.css]
[dancary.com/assets/fonts/fontawesome-webfont93e3.eot]
[dancary.com/assets/fonts/fontawesome-webfontd41d.eot]
[dancary.com/assets/fonts/fontawesome-webfont93e3.woff2]
[dancary.com/assets/fonts/fontawesome-webfont93e3.woff]
[dancary.com/assets/fonts/fontawesome-webfont93e3.ttf]
[dancary.com/assets/css/font-awesome.min.css]
[dancary.com/assets/fonts/fontawesome-webfont93e3.svg]
